// Jest Snapshot v1, https://goo.gl/fbAQLP

exports[`App should start redux without throwing 1`] = `undefined`;
