// Jest Snapshot v1, https://goo.gl/fbAQLP

exports[`universal truth should be true 1`] = `true`;
